---
source: crates/jarl-core/src/lints/class_equals/mod.rs
expression: "get_fixed_text(vec![\"is_regression <- class(x) == 'lm'\",\n\"if (class(x) == 'character') 1\", \"is_regression <- 'lm' == class(x)\",\n\"is_regression <- \\\"lm\\\" == class(x)\", \"if ('character' %in% class(x)) 1\",\n\"if (class(x) %in% 'character') 1\", \"if (class(x) != 'character') 1\",\n\"while (class(x) != 'character') 1\", \"x[if (class(x) == 'foo') 1 else 2]\",\n\"if (class(foo(bar(y) + 1)) == 'abc') 1\",\n\"if (my_fun(class(x) != 'character')) 1\",], \"class_equals\", None)"
---
OLD:
====
is_regression <- class(x) == 'lm'
NEW:
====
is_regression <- class(x) == 'lm'

OLD:
====
if (class(x) == 'character') 1
NEW:
====
if (inherits(x, 'character')) 1

OLD:
====
is_regression <- 'lm' == class(x)
NEW:
====
is_regression <- 'lm' == class(x)

OLD:
====
is_regression <- "lm" == class(x)
NEW:
====
is_regression <- "lm" == class(x)

OLD:
====
if ('character' %in% class(x)) 1
NEW:
====
if (inherits(x, 'character')) 1

OLD:
====
if (class(x) %in% 'character') 1
NEW:
====
if (inherits(x, 'character')) 1

OLD:
====
if (class(x) != 'character') 1
NEW:
====
if (!inherits(x, 'character')) 1

OLD:
====
while (class(x) != 'character') 1
NEW:
====
while (!inherits(x, 'character')) 1

OLD:
====
x[if (class(x) == 'foo') 1 else 2]
NEW:
====
x[if (inherits(x, 'foo')) 1 else 2]

OLD:
====
if (class(foo(bar(y) + 1)) == 'abc') 1
NEW:
====
if (inherits(foo(bar(y) + 1), 'abc')) 1

OLD:
====
if (my_fun(class(x) != 'character')) 1
NEW:
====
if (my_fun(class(x) != 'character')) 1
