---
source: crates/jarl-core/src/lints/all_equal/mod.rs
expression: "get_unsafe_fixed_text(vec![\"if (all.equal(a, b, tolerance = 1e-3)) message('equal')\",\n\"if (all.equal(a, b)) message('equal')\", \"!all.equal(a, b)\",\n\"while (all.equal(a, b)) message('equal')\", \"isFALSE(all.equal(a, b))\",\n\"if (\n  # A comment\n  all.equal(a, b)\n) message('equal')\",], \"all_equal\",)"
---
OLD:
====
if (all.equal(a, b, tolerance = 1e-3)) message('equal')
NEW:
====
if (isTRUE(all.equal(a, b, tolerance = 1e-3))) message('equal')

OLD:
====
if (all.equal(a, b)) message('equal')
NEW:
====
if (isTRUE(all.equal(a, b))) message('equal')

OLD:
====
!all.equal(a, b)
NEW:
====
!isTRUE(all.equal(a, b))

OLD:
====
while (all.equal(a, b)) message('equal')
NEW:
====
while (isTRUE(all.equal(a, b))) message('equal')

OLD:
====
isFALSE(all.equal(a, b))
NEW:
====
!isTRUE(all.equal(a, b))

OLD:
====
if (
  # A comment
  all.equal(a, b)
) message('equal')
NEW:
====
if (
  # A comment
  isTRUE(all.equal(a, b))
) message('equal')
